Wrong name: Daria
Wrong name: Artem
Wrong name: Maxim
Wrong name: Artyom
Wrong name: Ma10im
